
> rest-express@1.0.0 dev
> cross-env NODE_ENV=development tsx server/index.ts

3:11:39 PM [express] serving on http://0.0.0.0:5173 (v1.0.0)
3:13:11 PM [express] GET /api/version 200 in 30ms :: {"name":"rest-express","version":"1.0.0","env":…
3:14:06 PM [express] GET /api/notification-settings 304 in 8ms :: {"groups":[{"id":"66f8bd93-fd1d-48…
3:14:08 PM [express] GET /api/notification-settings 304 in 7ms :: {"groups":[{"id":"66f8bd93-fd1d-48…
3:14:25 PM [express] GET /api/version 200 in 10ms :: {"name":"rest-express","version":"1.0.0","env":…
3:14:25 PM [express] GET /api/claims 200 in 5ms :: []
3:14:38 PM [express] GET /api/version 200 in 27ms :: {"name":"rest-express","version":"1.0.0","env":…
3:14:40 PM [express] GET /api/notification-settings 304 in 16ms :: {"groups":[{"id":"66f8bd93-fd1d-4…
3:19:38 PM [express] GET /api/version 200 in 15ms :: {"name":"rest-express","version":"1.0.0","env":…
[2m15:22:58[22m [36m[1m[vite][22m[39m [32mhmr update [39m[2m/src/pages/ClaimDetail.tsx, /src/index.css?v=jM18qR3zPEw25v8o6SIVB[22m
[2m15:23:11[22m [36m[1m[vite][22m[39m [32m✨ new dependencies optimized: [33m@radix-ui/react-alert-dialog[32m[39m
[2m15:23:11[22m [36m[1m[vite][22m[39m [32m✨ optimized dependencies changed. reloading[39m
[2m15:23:18[22m [36m[1m[vite][22m[39m [32mpage reload [39m[2msrc/lib/i18n.ts[22m
3:23:23 PM [express] GET /api/version 200 in 9ms :: {"name":"rest-express","version":"1.0.0","env":"…
[2m15:25:22[22m [36m[1m[vite][22m[39m [32mhmr update [39m[2m/src/pages/ClaimDetail.tsx, /src/index.css?v=jM18qR3zPEw25v8o6SIVB[22m
3:25:25 PM [express] GET /api/version 200 in 13ms :: {"name":"rest-express","version":"1.0.0","env":…
[2m15:28:08[22m [36m[1m[vite][22m[39m [32mhmr update [39m[2m/src/App.tsx?v=jM18qR3zPEw25v8o6SIVB, /src/index.css?v=jM18qR3zPEw25v8o6SIVB, /src/pages/ClaimCountermeasure.tsx, /src/pages/TechnicalApproval.tsx, /src/pages/NewClaim.tsx, /src/pages/ClaimDetail.tsx, /src/pages/ClaimAcceptance.tsx, /src/pages/NotificationSettings.tsx[22m
[2m15:28:21[22m [36m[1m[vite][22m[39m [32mhmr update [39m[2m/src/pages/ClaimDetail.tsx, /src/index.css?v=jM18qR3zPEw25v8o6SIVB[22m
3:30:26 PM [express] GET /api/version 200 in 6ms :: {"name":"rest-express","version":"1.0.0","env":"…
3:30:47 PM [express] GET /api/notification-settings 304 in 13ms :: {"groups":[{"id":"66f8bd93-fd1d-4…
3:30:55 PM [express] GET /api/notification-settings 304 in 14ms :: {"groups":[{"id":"66f8bd93-fd1d-4…
3:31:15 PM [express] POST /api/claims 201 in 27ms :: {"id":"3571140d-a521-49d9-a086-6bc4b5f768db","t…
3:31:17 PM [express] GET /api/claims 200 in 2ms :: [{"id":"3571140d-a521-49d9-a086-6bc4b5f768db","tc…
3:31:19 PM [express] GET /api/claims/3571140d-a521-49d9-a086-6bc4b5f768db 200 in 4ms :: {"id":"35711…
3:31:19 PM [express] GET /api/notification-settings 304 in 12ms :: {"groups":[{"id":"66f8bd93-fd1d-4…
3:31:28 PM [express] GET /api/notification-settings 304 in 8ms :: {"groups":[{"id":"66f8bd93-fd1d-48…
3:32:56 PM [express] GET /api/version 200 in 5ms :: {"name":"rest-express","version":"1.0.0","env":"…
3:32:59 PM [express] GET /api/version 200 in 11ms :: {"name":"rest-express","version":"1.0.0","env":…
3:32:59 PM [express] GET /api/claims/3571140d-a521-49d9-a086-6bc4b5f768db 304 in 4ms :: {"id":"35711…
3:33:05 PM [express] GET /api/claims 304 in 3ms :: [{"id":"3571140d-a521-49d9-a086-6bc4b5f768db","tc…
3:33:06 PM [express] GET /api/notification-settings 304 in 7ms :: {"groups":[{"id":"66f8bd93-fd1d-48…
[2m15:34:59[22m [36m[1m[vite][22m[39m [32mhmr update [39m[2m/src/pages/ClaimDetail.tsx, /src/index.css?v=jM18qR3zPEw25v8o6SIVB[22m
3:38:43 PM [express] GET /api/version 200 in 2ms :: {"name":"rest-express","version":"1.0.0","env":"…
3:42:00 PM [express] GET /api/version 200 in 9ms :: {"name":"rest-express","version":"1.0.0","env":"…
3:42:00 PM [express] GET /api/claims 304 in 4ms :: [{"id":"3571140d-a521-49d9-a086-6bc4b5f768db","tc…
3:42:02 PM [express] GET /api/claims/3571140d-a521-49d9-a086-6bc4b5f768db 304 in 3ms :: {"id":"35711…
3:42:02 PM [express] GET /api/notification-settings 304 in 21ms :: {"groups":[{"id":"66f8bd93-fd1d-4…
3:42:10 PM [express] GET /api/version 200 in 12ms :: {"name":"rest-express","version":"1.0.0","env":…
3:42:10 PM [express] GET /api/claims/3571140d-a521-49d9-a086-6bc4b5f768db 304 in 3ms :: {"id":"35711…
3:42:16 PM [express] GET /api/claims 304 in 4ms :: [{"id":"3571140d-a521-49d9-a086-6bc4b5f768db","tc…
3:42:21 PM [express] GET /api/version 200 in 6ms :: {"name":"rest-express","version":"1.0.0","env":"…
3:42:21 PM [express] GET /api/claims/3571140d-a521-49d9-a086-6bc4b5f768db 304 in 4ms :: {"id":"35711…
3:42:21 PM [express] GET /api/notification-settings 304 in 16ms :: {"groups":[{"id":"66f8bd93-fd1d-4…
3:42:46 PM [express] GET /api/version 200 in 10ms :: {"name":"rest-express","version":"1.0.0","env":…
3:42:46 PM [express] GET /api/claims/3571140d-a521-49d9-a086-6bc4b5f768db 304 in 2ms :: {"id":"35711…
3:42:46 PM [express] GET /api/notification-settings 304 in 10ms :: {"groups":[{"id":"66f8bd93-fd1d-4…
3:42:51 PM [express] GET /api/claims 304 in 2ms :: [{"id":"3571140d-a521-49d9-a086-6bc4b5f768db","tc…
3:44:27 PM [express] GET /api/version 200 in 6ms :: {"name":"rest-express","version":"1.0.0","env":"…
3:44:27 PM [express] GET /api/claims/3571140d-a521-49d9-a086-6bc4b5f768db 304 in 9ms :: {"id":"35711…
3:44:27 PM [express] GET /api/notification-settings 304 in 78ms :: {"groups":[{"id":"66f8bd93-fd1d-4…
3:44:33 PM [express] GET /api/claims 304 in 6ms :: [{"id":"3571140d-a521-49d9-a086-6bc4b5f768db","tc…
[2m15:46:39[22m [36m[1m[vite][22m[39m [32mhmr update [39m[2m/src/pages/ClaimAcceptance.tsx, /src/index.css?v=jM18qR3zPEw25v8o6SIVB[22m
[2m15:46:46[22m [36m[1m[vite][22m[39m [32mhmr update [39m[2m/src/pages/ClaimAcceptance.tsx, /src/index.css?v=jM18qR3zPEw25v8o6SIVB[22m
[2m15:46:53[22m [36m[1m[vite][22m[39m [32mhmr update [39m[2m/src/pages/ClaimAcceptance.tsx, /src/index.css?v=jM18qR3zPEw25v8o6SIVB[22m
[2m15:47:04[22m [36m[1m[vite][22m[39m [32mhmr update [39m[2m/src/pages/ClaimAcceptance.tsx, /src/index.css?v=jM18qR3zPEw25v8o6SIVB[22m
[2m15:48:33[22m [36m[1m[vite][22m[39m [32mhmr update [39m[2m/src/pages/ClaimAcceptance.tsx, /src/index.css?v=jM18qR3zPEw25v8o6SIVB[22m
[2m15:49:21[22m [36m[1m[vite][22m[39m [32mhmr update [39m[2m/src/pages/ClaimAcceptance.tsx, /src/index.css?v=jM18qR3zPEw25v8o6SIVB[22m
3:49:27 PM [express] GET /api/version 200 in 8ms :: {"name":"rest-express","version":"1.0.0","env":"…
[2m15:49:41[22m [36m[1m[vite][22m[39m [32mhmr update [39m[2m/src/pages/ClaimCountermeasure.tsx, /src/index.css?v=jM18qR3zPEw25v8o6SIVB[22m
[2m15:50:39[22m [36m[1m[vite][22m[39m [32mhmr update [39m[2m/src/pages/ClaimCountermeasure.tsx, /src/index.css?v=jM18qR3zPEw25v8o6SIVB[22m
3:52:00 PM [express] GET /api/version 200 in 5ms :: {"name":"rest-express","version":"1.0.0","env":"…
3:52:00 PM [express] GET /api/claims/3571140d-a521-49d9-a086-6bc4b5f768db 304 in 2ms :: {"id":"35711…
3:52:00 PM [express] GET /api/notification-settings 304 in 11ms :: {"groups":[{"id":"66f8bd93-fd1d-4…
3:52:03 PM [express] GET /api/claims 304 in 3ms :: [{"id":"3571140d-a521-49d9-a086-6bc4b5f768db","tc…
3:52:12 PM [express] GET /api/version 200 in 8ms :: {"name":"rest-express","version":"1.0.0","env":"…
3:52:12 PM [express] GET /api/claims/3571140d-a521-49d9-a086-6bc4b5f768db 304 in 4ms :: {"id":"35711…
3:52:12 PM [express] GET /api/notification-settings 304 in 13ms :: {"groups":[{"id":"66f8bd93-fd1d-4…
3:52:48 PM [express] GET /api/version 200 in 5ms :: {"name":"rest-express","version":"1.0.0","env":"…
3:52:48 PM [express] GET /api/claims/3571140d-a521-49d9-a086-6bc4b5f768db 304 in 4ms :: {"id":"35711…
3:52:48 PM [express] GET /api/notification-settings 304 in 15ms :: {"groups":[{"id":"66f8bd93-fd1d-4…
3:53:01 PM [express] GET /api/version 200 in 210ms :: {"name":"rest-express","version":"1.0.0","env"…
3:53:01 PM [express] GET /api/claims 304 in 20ms :: [{"id":"3571140d-a521-49d9-a086-6bc4b5f768db","t…
3:53:05 PM [express] GET /api/version 200 in 7ms :: {"name":"rest-express","version":"1.0.0","env":"…
3:53:05 PM [express] GET /api/claims/3571140d-a521-49d9-a086-6bc4b5f768db 304 in 9ms :: {"id":"35711…
3:53:08 PM [express] GET /api/claims 304 in 3ms :: [{"id":"3571140d-a521-49d9-a086-6bc4b5f768db","tc…
3:53:10 PM [express] GET /api/version 200 in 5ms :: {"name":"rest-express","version":"1.0.0","env":"…
3:53:10 PM [express] GET /api/claims/3571140d-a521-49d9-a086-6bc4b5f768db 304 in 4ms :: {"id":"35711…
3:53:10 PM [express] GET /api/notification-settings 304 in 10ms :: {"groups":[{"id":"66f8bd93-fd1d-4…
3:53:15 PM [express] DELETE /api/claims/3571140d-a521-49d9-a086-6bc4b5f768db 204 in 5ms
3:53:15 PM [express] GET /api/claims 200 in 2ms :: []
3:53:26 PM [express] GET /api/version 200 in 6ms :: {"name":"rest-express","version":"1.0.0","env":"…
[mail] sending claim-created email to osawa@ggggggggggmail.com,sosuke198999@gmail.com
3:53:49 PM [express] POST /api/claims 201 in 55ms :: {"id":"eea81da2-c8d2-4369-9895-73cc5c47d4c8","t…
3:53:51 PM [express] GET /api/claims 200 in 3ms :: [{"id":"eea81da2-c8d2-4369-9895-73cc5c47d4c8","tc…
3:53:58 PM [express] GET /api/claims/eea81da2-c8d2-4369-9895-73cc5c47d4c8 200 in 3ms :: {"id":"eea81…
3:53:58 PM [express] GET /api/notification-settings 304 in 9ms :: {"groups":[{"id":"66f8bd93-fd1d-48…
3:54:17 PM [express] PATCH /api/claims/eea81da2-c8d2-4369-9895-73cc5c47d4c8 200 in 27ms :: {"id":"ee…
3:54:17 PM [express] GET /api/claims/eea81da2-c8d2-4369-9895-73cc5c47d4c8 200 in 22ms :: {"id":"eea8…
3:54:17 PM [express] GET /api/claims 200 in 3ms :: [{"id":"eea81da2-c8d2-4369-9895-73cc5c47d4c8","tc…
[mail] sending claim-created email to osawa@ggggggggggmail.com,sosuke198999@gmail.com
3:55:12 PM [express] POST /api/claims 201 in 115ms :: {"id":"888265c7-941b-47e1-82b4-178f7bee016e","…
3:55:13 PM [express] GET /api/claims 200 in 3ms :: [{"id":"eea81da2-c8d2-4369-9895-73cc5c47d4c8","tc…
3:55:15 PM [express] GET /api/claims/888265c7-941b-47e1-82b4-178f7bee016e 200 in 7ms :: {"id":"88826…
3:55:15 PM [express] GET /api/notification-settings 304 in 21ms :: {"groups":[{"id":"66f8bd93-fd1d-4…
3:58:26 PM [express] GET /api/version 200 in 4ms :: {"name":"rest-express","version":"1.0.0","env":"…
4:03:26 PM [express] GET /api/version 200 in 7ms :: {"name":"rest-express","version":"1.0.0","env":"…
[2m16:08:21[22m [36m[1m[vite][22m[39m [32mhmr update [39m[2m/src/pages/ClaimAcceptance.tsx, /src/index.css?v=jM18qR3zPEw25v8o6SIVB[22m
4:08:22 PM [express] GET /api/notification-settings 304 in 9ms :: {"groups":[{"id":"66f8bd93-fd1d-48…
4:08:26 PM [express] GET /api/version 200 in 6ms :: {"name":"rest-express","version":"1.0.0","env":"…
[2m16:10:01[22m [36m[1m[vite][22m[39m [32mhmr update [39m[2m/src/pages/ClaimAcceptance.tsx, /src/index.css?v=jM18qR3zPEw25v8o6SIVB[22m
[2m16:10:01[22m [36m[1m[vite][22m[39m [32mhmr update [39m[2m/src/pages/ClaimAcceptance.tsx, /src/index.css?v=jM18qR3zPEw25v8o6SIVB[22m
